// Jest Snapshot v1, https://goo.gl/fbAQLP

exports[`should render ExpenseListItem with single expense 1`] = `
<div>
  <NavLink
    activeClassName="is-active"
    ariaCurrent="true"
    to="/edit/2"
  >
    Rent
  </NavLink>
  : 
  109500
  : 
  -345600000
</div>
`;
